
Memory Configuration

Name             Origin             Length             Attributes
FLASH            0x08000000         0x00008000         xr
SRAM             0x20000000         0x00002800         xrw
*default*        0x00000000         0xffffffff

Linker script and memory map


.text           0x08000000       0xbc
 *(.vectors*)
 .vectors       0x08000000       0x40 startup.o
 *(.text*)
 .text          0x08000040        0xa startup.o
                0x08000040                _reset
 *fill*         0x0800004a        0x2 
 .text          0x0800004c       0x70 Debug/main.o
                0x0800004c                main
 *(.rodata)

.glue_7         0x080000bc        0x0
 .glue_7        0x080000bc        0x0 linker stubs

.glue_7t        0x080000bc        0x0
 .glue_7t       0x080000bc        0x0 linker stubs

.vfp11_veneer   0x080000bc        0x0
 .vfp11_veneer  0x080000bc        0x0 linker stubs

.v4_bx          0x080000bc        0x0
 .v4_bx         0x080000bc        0x0 linker stubs

.iplt           0x080000bc        0x0
 .iplt          0x080000bc        0x0 startup.o

.rel.dyn        0x080000bc        0x0
 .rel.iplt      0x080000bc        0x0 startup.o

.data           0x080000bc        0x4
 *(.data)
 .data          0x080000bc        0x0 startup.o
 .data          0x080000bc        0x4 Debug/main.o
                0x080000bc                ODR

.igot.plt       0x080000c0        0x0
 .igot.plt      0x080000c0        0x0 startup.o

.bss            0x20000000        0x0
 *(.bss)
 .bss           0x20000000        0x0 startup.o
 .bss           0x20000000        0x0 Debug/main.o
LOAD startup.o
LOAD Debug/main.o
OUTPUT(Debug/LED_Toggeling.elf elf32-littlearm)
LOAD linker stubs

.ARM.attributes
                0x00000000       0x2f
 .ARM.attributes
                0x00000000       0x21 startup.o
 .ARM.attributes
                0x00000021       0x2d Debug/main.o

.comment        0x00000000       0x4d
 .comment       0x00000000       0x4d Debug/main.o
                                 0x4e (size before relaxing)

.debug_line     0x00000000       0xbf
 .debug_line    0x00000000       0x43 startup.o
 .debug_line    0x00000043       0x7c Debug/main.o

.debug_info     0x00000000      0x140
 .debug_info    0x00000000       0x26 startup.o
 .debug_info    0x00000026      0x11a Debug/main.o

.debug_abbrev   0x00000000       0xf4
 .debug_abbrev  0x00000000       0x14 startup.o
 .debug_abbrev  0x00000014       0xe0 Debug/main.o

.debug_aranges  0x00000000       0x40
 .debug_aranges
                0x00000000       0x20 startup.o
 .debug_aranges
                0x00000020       0x20 Debug/main.o

.debug_str      0x00000000      0x155
 .debug_str     0x00000000       0x68 startup.o
 .debug_str     0x00000068       0xed Debug/main.o
                                0x14e (size before relaxing)

.debug_loc      0x00000000       0x38
 .debug_loc     0x00000000       0x38 Debug/main.o

.debug_frame    0x00000000       0x2c
 .debug_frame   0x00000000       0x2c Debug/main.o
