
Memory Configuration

Name             Origin             Length             Attributes
FLASH            0x00000000         0x00040000         xr
SRAM             0x20000000         0x00008000         xrw
*default*        0x00000000         0xffffffff

Linker script and memory map


.text           0x00000000      0x120
                0x00000000                . = ALIGN (0x4)
 *(.vectors*)
 .vectors       0x00000000       0x1c startup.o
                0x00000000                g_arrVectors
 *(.text*)
 .text          0x0000001c       0x84 startup.o
                0x0000001c                _reset
                0x00000094                UsageFault_Handler
                0x00000094                Default_Handler
                0x00000094                MemManage_Handler
                0x00000094                NMI_Handler
                0x00000094                BusFault_Handler
                0x00000094                HardFault_Handler
 .text          0x000000a0       0x80 Debug/main.o
                0x000000a0                main
 *(.rodata*)
                0x00000120                . = ALIGN (0x4)
                0x00000120                _etext = .

.glue_7         0x00000120        0x0
 .glue_7        0x00000120        0x0 linker stubs

.glue_7t        0x00000120        0x0
 .glue_7t       0x00000120        0x0 linker stubs

.vfp11_veneer   0x00000120        0x0
 .vfp11_veneer  0x00000120        0x0 linker stubs

.v4_bx          0x00000120        0x0
 .v4_bx         0x00000120        0x0 linker stubs

.iplt           0x00000120        0x0
 .iplt          0x00000120        0x0 startup.o

.rel.dyn        0x00000120        0x0
 .rel.iplt      0x00000120        0x0 startup.o

.data           0x20000000        0x4 load address 0x00000120
                0x20000000                . = ALIGN (0x4)
                0x20000000                _sdata = .
 *(.data)
 .data          0x20000000        0x0 startup.o
 .data          0x20000000        0x4 Debug/main.o
                0x20000000                ODR
                0x20000004                . = ALIGN (0x4)
                0x20000004                _edata = .

.igot.plt       0x20000004        0x0 load address 0x00000124
 .igot.plt      0x20000004        0x0 startup.o

.bss            0x20000004      0x400 load address 0x00000124
                0x20000004                . = ALIGN (0x4)
                0x20000004                _sbss = .
 *(.bss)
 .bss           0x20000004      0x400 startup.o
 .bss           0x20000404        0x0 Debug/main.o
                0x20000404                . = ALIGN (0x4)
                0x20000404                _ebss = .
LOAD startup.o
LOAD Debug/main.o
OUTPUT(Debug/LED_Toggeling_Cortex_m4.elf elf32-littlearm)
LOAD linker stubs

.debug_info     0x00000000      0x2d7
 .debug_info    0x00000000      0x1bd startup.o
 .debug_info    0x000001bd      0x11a Debug/main.o

.debug_abbrev   0x00000000      0x1af
 .debug_abbrev  0x00000000       0xcf startup.o
 .debug_abbrev  0x000000cf       0xe0 Debug/main.o

.debug_loc      0x00000000       0xb4
 .debug_loc     0x00000000       0x7c startup.o
 .debug_loc     0x0000007c       0x38 Debug/main.o

.debug_aranges  0x00000000       0x40
 .debug_aranges
                0x00000000       0x20 startup.o
 .debug_aranges
                0x00000020       0x20 Debug/main.o

.debug_line     0x00000000      0x1fe
 .debug_line    0x00000000      0x162 startup.o
 .debug_line    0x00000162       0x9c Debug/main.o

.debug_str      0x00000000      0x1d1
 .debug_str     0x00000000      0x199 startup.o
                                0x1de (size before relaxing)
 .debug_str     0x00000199       0x38 Debug/main.o
                                0x14a (size before relaxing)

.comment        0x00000000       0x4d
 .comment       0x00000000       0x4d startup.o
                                 0x4e (size before relaxing)
 .comment       0x0000004d       0x4e Debug/main.o

.ARM.attributes
                0x00000000       0x2e
 .ARM.attributes
                0x00000000       0x2e startup.o
 .ARM.attributes
                0x0000002e       0x2e Debug/main.o

.debug_frame    0x00000000       0x7c
 .debug_frame   0x00000000       0x50 startup.o
 .debug_frame   0x00000050       0x2c Debug/main.o
